[[1;34mINFO[m] Scanning for projects...
[[1;34mINFO[m] 
[[1;34mINFO[m] [1m-------------------< [0;36mcom.infraops:infraops-backend[0;1m >--------------------[m
[[1;34mINFO[m] [1mBuilding  0.0.1-SNAPSHOT[m
[[1;34mINFO[m] [1m--------------------------------[ jar ]---------------------------------[m
[[1;34mINFO[m] 
[[1;34mINFO[m] [1m>>> [0;32mspring-boot-maven-plugin:3.5.16:run[m [1m(default-cli)[0;1m > [0;1mtest-compile[m @ [36minfraops-backend[0;1m >>>[m
[[1;34mINFO[m] 
[[1;34mINFO[m] [1m--- [0;32mmaven-resources-plugin:3.3.1:resources[m [1m(default-resources)[m @ [36minfraops-backend[0;1m ---[m
[[1;34mINFO[m] Copying 1 resource from src/main/resources to target/classes
[[1;34mINFO[m] Copying 0 resource from src/main/resources to target/classes
[[1;34mINFO[m] 
[[1;34mINFO[m] [1m--- [0;32mmaven-compiler-plugin:3.14.1:compile[m [1m(default-compile)[m @ [36minfraops-backend[0;1m ---[m
[[1;34mINFO[m] Nothing to compile - all classes are up to date.
[[1;34mINFO[m] 
[[1;34mINFO[m] [1m--- [0;32mmaven-resources-plugin:3.3.1:testResources[m [1m(default-testResources)[m @ [36minfraops-backend[0;1m ---[m
[[1;34mINFO[m] skip non existing resourceDirectory /home/vasanth/Music/infraops-backend/src/test/resources
[[1;34mINFO[m] 
[[1;34mINFO[m] [1m--- [0;32mmaven-compiler-plugin:3.14.1:testCompile[m [1m(default-testCompile)[m @ [36minfraops-backend[0;1m ---[m
[[1;34mINFO[m] Nothing to compile - all classes are up to date.
[[1;34mINFO[m] 
[[1;34mINFO[m] [1m<<< [0;32mspring-boot-maven-plugin:3.5.16:run[m [1m(default-cli)[0;1m < [0;1mtest-compile[m @ [36minfraops-backend[0;1m <<<[m
[[1;34mINFO[m] 
[[1;34mINFO[m] 
[[1;34mINFO[m] [1m--- [0;32mspring-boot-maven-plugin:3.5.16:run[m [1m(default-cli)[m @ [36minfraops-backend[0;1m ---[m
[[1;34mINFO[m] Attaching agents: []

  .   ____          _            __ _ _
 /\\ / ___'_ __ _ _(_)_ __  __ _ \ \ \ \
( ( )\___ | '_ | '_| | '_ \/ _` | \ \ \ \
 \\/  ___)| |_)| | | | | || (_| |  ) ) ) )
  '  |____| .__|_| |_|_| |_\__, | / / / /
 =========|_|==============|___/=/_/_/_/

 :: Spring Boot ::               (v3.5.16)

2026-06-26T03:17:24.047+05:30  INFO 72307 --- [infraops-backend] [           main] c.i.i.InfraopsBackendApplication         : Starting InfraopsBackendApplication using Java 21.0.11 with PID 72307 (/home/vasanth/Music/infraops-backend/target/classes started by vasanth in /home/vasanth/Music/infraops-backend)
2026-06-26T03:17:24.075+05:30  INFO 72307 --- [infraops-backend] [           main] c.i.i.InfraopsBackendApplication         : No active profile set, falling back to 1 default profile: "default"
2026-06-26T03:17:32.343+05:30  INFO 72307 --- [infraops-backend] [           main] .s.d.r.c.RepositoryConfigurationDelegate : Bootstrapping Spring Data MongoDB repositories in DEFAULT mode.
2026-06-26T03:17:32.914+05:30  INFO 72307 --- [infraops-backend] [           main] .s.d.r.c.RepositoryConfigurationDelegate : Finished Spring Data repository scanning in 519 ms. Found 3 MongoDB repository interfaces.
2026-06-26T03:17:36.373+05:30  INFO 72307 --- [infraops-backend] [           main] o.s.b.w.embedded.tomcat.TomcatWebServer  : Tomcat initialized with port 8080 (http)
2026-06-26T03:17:36.489+05:30  INFO 72307 --- [infraops-backend] [           main] o.apache.catalina.core.StandardService   : Starting service [Tomcat]
2026-06-26T03:17:36.492+05:30  INFO 72307 --- [infraops-backend] [           main] o.apache.catalina.core.StandardEngine    : Starting Servlet engine: [Apache Tomcat/10.1.55]
2026-06-26T03:17:36.790+05:30  INFO 72307 --- [infraops-backend] [           main] o.a.c.c.C.[Tomcat].[localhost].[/]       : Initializing Spring embedded WebApplicationContext
2026-06-26T03:17:36.797+05:30  INFO 72307 --- [infraops-backend] [           main] w.s.c.ServletWebServerApplicationContext : Root WebApplicationContext: initialization completed in 12104 ms
2026-06-26T03:17:39.105+05:30  INFO 72307 --- [infraops-backend] [rrf.mongodb.net] org.mongodb.driver.cluster               : Adding discovered server ac-1tudp8g-shard-00-02.lcuorrf.mongodb.net:27017 to client view of cluster
2026-06-26T03:17:39.357+05:30  INFO 72307 --- [infraops-backend] [           main] org.mongodb.driver.client                : MongoClient with metadata {"application": {"name": "infraops"}, "driver": {"name": "mongo-java-driver|sync|spring-boot", "version": "5.5.2"}, "os": {"type": "Linux", "name": "Linux", "architecture": "amd64", "version": "6.17.0-35-generic"}, "platform": "Java/Ubuntu/21.0.11+10-1-24.04.2-Ubuntu"} created with settings MongoClientSettings{readPreference=primary, writeConcern=WriteConcern{w=majority, wTimeout=null ms, journal=null}, retryWrites=true, retryReads=true, readConcern=ReadConcern{level=null}, credential=MongoCredential{mechanism=null, userName='Vasanth', source='admin', password=<hidden>, mechanismProperties=<hidden>}, transportSettings=null, commandListeners=[io.micrometer.core.instrument.binder.mongodb.MongoMetricsCommandListener@7f4e5a39], codecRegistry=ProvidersCodecRegistry{codecProviders=[ValueCodecProvider{}, BsonValueCodecProvider{}, DBRefCodecProvider{}, DBObjectCodecProvider{}, DocumentCodecProvider{}, CollectionCodecProvider{}, IterableCodecProvider{}, MapCodecProvider{}, GeoJsonCodecProvider{}, GridFSFileCodecProvider{}, Jsr310CodecProvider{}, JsonObjectCodecProvider{}, BsonCodecProvider{}, EnumCodecProvider{}, com.mongodb.client.model.mql.ExpressionCodecProvider@33de7f3d, com.mongodb.Jep395RecordCodecProvider@30159886, com.mongodb.KotlinCodecProvider@5d66ae3a]}, loggerSettings=LoggerSettings{maxDocumentLength=1000}, clusterSettings={hosts=[127.0.0.1:27017], srvHost=cluster0.lcuorrf.mongodb.net, srvServiceName=mongodb, mode=MULTIPLE, requiredClusterType=REPLICA_SET, requiredReplicaSetName='atlas-qonget-shard-0', serverSelector='null', clusterListeners='[]', serverSelectionTimeout='30000 ms', localThreshold='15 ms'}, socketSettings=SocketSettings{connectTimeoutMS=10000, readTimeoutMS=0, receiveBufferSize=0, proxySettings=ProxySettings{host=null, port=null, username=null, password=null}}, heartbeatSocketSettings=SocketSettings{connectTimeoutMS=10000, readTimeoutMS=10000, receiveBufferSize=0, proxySettings=ProxySettings{host=null, port=null, username=null, password=null}}, connectionPoolSettings=ConnectionPoolSettings{maxSize=100, minSize=0, maxWaitTimeMS=120000, maxConnectionLifeTimeMS=0, maxConnectionIdleTimeMS=0, maintenanceInitialDelayMS=0, maintenanceFrequencyMS=60000, connectionPoolListeners=[io.micrometer.core.instrument.binder.mongodb.MongoMetricsConnectionPoolListener@50f4b83d], maxConnecting=2}, serverSettings=ServerSettings{heartbeatFrequencyMS=10000, minHeartbeatFrequencyMS=500, serverMonitoringMode=AUTO, serverListeners='[]', serverMonitorListeners='[]'}, sslSettings=SslSettings{enabled=true, invalidHostNameAllowed=false, context=null}, applicationName='infraops', compressorList=[], uuidRepresentation=JAVA_LEGACY, serverApi=null, autoEncryptionSettings=null, dnsClient=null, inetAddressResolver=null, contextProvider=null, timeoutMS=null}
2026-06-26T03:17:39.427+05:30  INFO 72307 --- [infraops-backend] [rrf.mongodb.net] org.mongodb.driver.cluster               : Adding discovered server ac-1tudp8g-shard-00-01.lcuorrf.mongodb.net:27017 to client view of cluster
2026-06-26T03:17:39.448+05:30  INFO 72307 --- [infraops-backend] [rrf.mongodb.net] org.mongodb.driver.cluster               : Adding discovered server ac-1tudp8g-shard-00-00.lcuorrf.mongodb.net:27017 to client view of cluster
2026-06-26T03:17:41.355+05:30  INFO 72307 --- [infraops-backend] [           main] org.mongodb.driver.cluster               : Waiting for server to become available for operation with ID 5. Remaining time: 29954 ms. Selector: WritableServerSelector, topology description: {type=REPLICA_SET, servers=[{address=ac-1tudp8g-shard-00-00.lcuorrf.mongodb.net:27017, type=UNKNOWN, state=CONNECTING}, {address=ac-1tudp8g-shard-00-01.lcuorrf.mongodb.net:27017, type=UNKNOWN, state=CONNECTING}, {address=ac-1tudp8g-shard-00-02.lcuorrf.mongodb.net:27017, type=UNKNOWN, state=CONNECTING}].
2026-06-26T03:17:42.433+05:30  INFO 72307 --- [infraops-backend] [ngodb.net:27017] org.mongodb.driver.cluster               : Monitor thread successfully connected to server with description ServerDescription{address=ac-1tudp8g-shard-00-01.lcuorrf.mongodb.net:27017, type=REPLICA_SET_SECONDARY, cryptd=false, state=CONNECTED, ok=true, minWireVersion=0, maxWireVersion=25, maxDocumentSize=16777216, logicalSessionTimeoutMinutes=30, roundTripTimeNanos=1806147364, minRoundTripTimeNanos=0, setName='atlas-qonget-shard-0', canonicalAddress=ac-1tudp8g-shard-00-01.lcuorrf.mongodb.net:27017, hosts=[ac-1tudp8g-shard-00-02.lcuorrf.mongodb.net:27017, ac-1tudp8g-shard-00-00.lcuorrf.mongodb.net:27017, ac-1tudp8g-shard-00-01.lcuorrf.mongodb.net:27017], passives=[], arbiters=[], primary='ac-1tudp8g-shard-00-02.lcuorrf.mongodb.net:27017', tagSet=TagSet{[Tag{name='availabilityZone', value='aps1-az3'}, Tag{name='cacheState', value='READY'}, Tag{name='diskState', value='READY'}, Tag{name='nodeType', value='ELECTABLE'}, Tag{name='provider', value='AWS'}, Tag{name='region', value='AP_SOUTH_1'}, Tag{name='workloadType', value='OPERATIONAL'}]}, electionId=null, setVersion=383, topologyVersion=TopologyVersion{processId=6a3bd5fb7510e6e51849688b, counter=3}, lastWriteDate=Fri Jun 26 03:17:42 IST 2026, lastUpdateTimeNanos=16939903968507}
2026-06-26T03:17:42.435+05:30  INFO 72307 --- [infraops-backend] [ngodb.net:27017] org.mongodb.driver.cluster               : Monitor thread successfully connected to server with description ServerDescription{address=ac-1tudp8g-shard-00-00.lcuorrf.mongodb.net:27017, type=REPLICA_SET_SECONDARY, cryptd=false, state=CONNECTED, ok=true, minWireVersion=0, maxWireVersion=25, maxDocumentSize=16777216, logicalSessionTimeoutMinutes=30, roundTripTimeNanos=1806106489, minRoundTripTimeNanos=0, setName='atlas-qonget-shard-0', canonicalAddress=ac-1tudp8g-shard-00-00.lcuorrf.mongodb.net:27017, hosts=[ac-1tudp8g-shard-00-02.lcuorrf.mongodb.net:27017, ac-1tudp8g-shard-00-00.lcuorrf.mongodb.net:27017, ac-1tudp8g-shard-00-01.lcuorrf.mongodb.net:27017], passives=[], arbiters=[], primary='ac-1tudp8g-shard-00-02.lcuorrf.mongodb.net:27017', tagSet=TagSet{[Tag{name='availabilityZone', value='aps1-az1'}, Tag{name='cacheState', value='READY'}, Tag{name='diskState', value='READY'}, Tag{name='nodeType', value='ELECTABLE'}, Tag{name='provider', value='AWS'}, Tag{name='region', value='AP_SOUTH_1'}, Tag{name='workloadType', value='OPERATIONAL'}]}, electionId=null, setVersion=383, topologyVersion=TopologyVersion{processId=6a3bd54bc1d526be94bbea80, counter=4}, lastWriteDate=Fri Jun 26 03:17:42 IST 2026, lastUpdateTimeNanos=16939903978790}
2026-06-26T03:17:42.435+05:30  INFO 72307 --- [infraops-backend] [ngodb.net:27017] org.mongodb.driver.cluster               : Monitor thread successfully connected to server with description ServerDescription{address=ac-1tudp8g-shard-00-02.lcuorrf.mongodb.net:27017, type=REPLICA_SET_PRIMARY, cryptd=false, state=CONNECTED, ok=true, minWireVersion=0, maxWireVersion=25, maxDocumentSize=16777216, logicalSessionTimeoutMinutes=30, roundTripTimeNanos=1807010001, minRoundTripTimeNanos=0, setName='atlas-qonget-shard-0', canonicalAddress=ac-1tudp8g-shard-00-02.lcuorrf.mongodb.net:27017, hosts=[ac-1tudp8g-shard-00-02.lcuorrf.mongodb.net:27017, ac-1tudp8g-shard-00-00.lcuorrf.mongodb.net:27017, ac-1tudp8g-shard-00-01.lcuorrf.mongodb.net:27017], passives=[], arbiters=[], primary='ac-1tudp8g-shard-00-02.lcuorrf.mongodb.net:27017', tagSet=TagSet{[Tag{name='availabilityZone', value='aps1-az2'}, Tag{name='cacheState', value='READY'}, Tag{name='diskState', value='READY'}, Tag{name='nodeType', value='ELECTABLE'}, Tag{name='provider', value='AWS'}, Tag{name='region', value='AP_SOUTH_1'}, Tag{name='workloadType', value='OPERATIONAL'}]}, electionId=7fffffff0000000000000157, setVersion=383, topologyVersion=TopologyVersion{processId=6a3bd5a54a05b1ecb0ec71d7, counter=6}, lastWriteDate=Fri Jun 26 03:17:42 IST 2026, lastUpdateTimeNanos=16939904804768}
2026-06-26T03:17:42.459+05:30  INFO 72307 --- [infraops-backend] [ngodb.net:27017] org.mongodb.driver.cluster               : Discovered replica set primary ac-1tudp8g-shard-00-02.lcuorrf.mongodb.net:27017 with max election id 7fffffff0000000000000157 and max set version 383
2026-06-26T03:17:45.707+05:30  INFO 72307 --- [infraops-backend] [           main] eAuthenticationProviderManagerConfigurer : Global AuthenticationManager configured with AuthenticationProvider bean with name authenticationProvider
2026-06-26T03:17:45.712+05:30  WARN 72307 --- [infraops-backend] [           main] r$InitializeUserDetailsManagerConfigurer : Global AuthenticationManager configured with an AuthenticationProvider bean. UserDetailsService beans will not be used by Spring Security for automatically configuring username/password login. Consider removing the AuthenticationProvider bean. Alternatively, consider using the UserDetailsService in a manually instantiated DaoAuthenticationProvider. If the current configuration is intentional, to turn off this warning, increase the logging level of 'org.springframework.security.config.annotation.authentication.configuration.InitializeUserDetailsBeanManagerConfigurer' to ERROR
2026-06-26T03:17:50.338+05:30  INFO 72307 --- [infraops-backend] [           main] o.s.b.a.e.web.EndpointLinksResolver      : Exposing 1 endpoint beneath base path '/actuator'
2026-06-26T03:17:54.016+05:30  WARN 72307 --- [infraops-backend] [           main] ConfigServletWebServerApplicationContext : Exception encountered during context initialization - cancelling refresh attempt: org.springframework.context.ApplicationContextException: Failed to start bean 'webServerStartStop'
2026-06-26T03:17:54.305+05:30  INFO 72307 --- [infraops-backend] [           main] .s.b.a.l.ConditionEvaluationReportLogger : 

Error starting ApplicationContext. To display the condition evaluation report re-run your application with 'debug' enabled.
2026-06-26T03:17:54.394+05:30 ERROR 72307 --- [infraops-backend] [           main] o.s.b.d.LoggingFailureAnalysisReporter   : 

***************************
APPLICATION FAILED TO START
***************************

Description:

Web server failed to start. Port 8080 was already in use.

Action:

Identify and stop the process that's listening on port 8080 or configure this application to listen on another port.

[[1;34mINFO[m] [1m------------------------------------------------------------------------[m
[[1;34mINFO[m] [1;31mBUILD FAILURE[m
[[1;34mINFO[m] [1m------------------------------------------------------------------------[m
[[1;34mINFO[m] Total time:  53.410 s
[[1;34mINFO[m] Finished at: 2026-06-26T03:17:54+05:30
[[1;34mINFO[m] [1m------------------------------------------------------------------------[m
[[1;31mERROR[m] Failed to execute goal [32morg.springframework.boot:spring-boot-maven-plugin:3.5.16:run[m [1m(default-cli)[m on project [36minfraops-backend[m: [1;31mProcess terminated with exit code: 1[m -> [1m[Help 1][m
[[1;31mERROR[m] 
[[1;31mERROR[m] To see the full stack trace of the errors, re-run Maven with the [1m-e[m switch.
[[1;31mERROR[m] Re-run Maven using the [1m-X[m switch to enable full debug logging.
[[1;31mERROR[m] 
[[1;31mERROR[m] For more information about the errors and possible solutions, please read the following articles:
[[1;31mERROR[m] [1m[Help 1][m http://cwiki.apache.org/confluence/display/MAVEN/MojoExecutionException
